g1 returned 1
g1 returned 2
copying 1
g1 returned 3
g2 returned 3
