before use
heavy(hello)
here we are
after use
~heavy()
