g1 returned 1
g1 returned 2
moving 1
g1 is_terminal() returned 1
g2 returned 3
