resuming ... 1
resuming ... 2
resuming ... 3
resuming ... 4
resuming ... 5
resuming ... 6
resuming ... 7
resuming ... 8
resuming ... 9
resuming ... 10
