before call
heavy(foo)
after call
heavy(const heavy&)
here we are
~heavy()
~heavy()
