f: 0
g: 0
f: 1
g: 1
f: 2
g: 2
f: 3
g: 3
f: 4
g: 4
f: 5
f: 6
f: 7
f: 8
f: 9
